  Γû▓ Next.js 14.2.35
  - Environments: .env.local

   Creating an optimized production build ...
 Γ£ô (pwa) Compiling for server...
 Γ£ô (pwa) Compiling for server...
 Γ£ô (pwa) Compiling for client (static)...
 Γùï (pwa) Service worker: C:\Users\bijul\OneDrive\Documents\works\ekodrix-hrms\public\sw.js
 Γùï (pwa)   URL: /sw.js
 Γùï (pwa)   Scope: /
node.exe : Failed to 
compile.
At C:\Program Files\nod
ejs\npx.ps1:29 char:3
+   & $NODE_EXE 
$NPX_CLI_JS $args
+   ~~~~~~~~~~~~~~~~~~~
~~~~~~~~~~
    + CategoryInfo     
         : 
NotSpecified: (Fai    
led to compile.:String 
   ) [], 
RemoteException
    + 
FullyQualifiedErrorI   
 d : NativeCommandError
 

./app/api/ai/refine-tas
k/route.ts
Module not found: 
Can't resolve 
'@google/generative-ai'

https://nextjs.org/docs
/messages/module-not-fo
und


> Build failed because 
of webpack errors
